
===========================================================================
report_checks -unconstrained
===========================================================================
======================= Typical Corner ===================================

Startpoint: rst_n (input port clocked by clk)
Endpoint: _921_ (recovery check against rising-edge clock clk)
Path Group: asynchronous
Path Type: max

Fanout     Cap    Slew   Delay    Time   Description
-----------------------------------------------------------------------------
                          0.00    0.00   clock clk (rise edge)
                          0.00    0.00   clock network delay (propagated)
                         16.67   16.67 ^ input external delay
                  0.02    0.01   16.68 ^ rst_n (in)
     1    0.00                           rst_n (net)
                  0.02    0.00   16.68 ^ input5/A (sky130_fd_sc_hd__buf_1)
                  0.10    0.12   16.79 ^ input5/X (sky130_fd_sc_hd__buf_1)
     1    0.01                           net5 (net)
                  0.10    0.00   16.79 ^ fanout33/A (sky130_fd_sc_hd__buf_4)
                  0.17    0.24   17.03 ^ fanout33/X (sky130_fd_sc_hd__buf_4)
     8    0.06                           net33 (net)
                  0.17    0.00   17.03 ^ fanout32/A (sky130_fd_sc_hd__buf_4)
                  0.19    0.27   17.31 ^ fanout32/X (sky130_fd_sc_hd__buf_4)
    10    0.07                           net32 (net)
                  0.19    0.00   17.31 ^ fanout31/A (sky130_fd_sc_hd__buf_4)
                  0.16    0.26   17.57 ^ fanout31/X (sky130_fd_sc_hd__buf_4)
    12    0.06                           net31 (net)
                  0.16    0.00   17.57 ^ _921_/RESET_B (sky130_fd_sc_hd__dfrtp_4)
                                 17.57   data arrival time

                         83.33   83.33   clock clk (rise edge)
                          0.00   83.33   clock source latency
                  0.12    0.08   83.41 ^ clk (in)
     1    0.03                           clk (net)
                  0.12    0.00   83.41 ^ clkbuf_0_clk/A (sky130_fd_sc_hd__clkbuf_16)
                  0.11    0.20   83.61 ^ clkbuf_0_clk/X (sky130_fd_sc_hd__clkbuf_16)
     8    0.10                           clknet_0_clk (net)
                  0.11    0.00   83.62 ^ clkbuf_3_5__f_clk/A (sky130_fd_sc_hd__clkbuf_16)
                  0.06    0.15   83.77 ^ clkbuf_3_5__f_clk/X (sky130_fd_sc_hd__clkbuf_16)
     8    0.04                           clknet_3_5__leaf_clk (net)
                  0.06    0.00   83.77 ^ _921_/CLK (sky130_fd_sc_hd__dfrtp_4)
                         -0.25   83.52   clock uncertainty
                          0.00   83.52   clock reconvergence pessimism
                          0.18   83.70   library recovery time
                                 83.70   data required time
-----------------------------------------------------------------------------
                                 83.70   data required time
                                -17.57   data arrival time
-----------------------------------------------------------------------------
                                 66.13   slack (MET)


Startpoint: throttle[7] (input port clocked by clk)
Endpoint: _918_ (rising edge-triggered flip-flop clocked by clk)
Path Group: clk
Path Type: max

Fanout     Cap    Slew   Delay    Time   Description
-----------------------------------------------------------------------------
                          0.00    0.00   clock clk (rise edge)
                          0.00    0.00   clock network delay (propagated)
                         16.67   16.67 ^ input external delay
                  0.02    0.01   16.68 ^ throttle[7] (in)
     1    0.00                           throttle[7] (net)
                  0.02    0.00   16.68 ^ input13/A (sky130_fd_sc_hd__clkbuf_2)
                  0.16    0.18   16.86 ^ input13/X (sky130_fd_sc_hd__clkbuf_2)
     2    0.03                           net13 (net)
                  0.16    0.00   16.86 ^ _671_/A (sky130_fd_sc_hd__inv_2)
                  0.07    0.10   16.96 v _671_/Y (sky130_fd_sc_hd__inv_2)
     5    0.02                           _254_ (net)
                  0.07    0.00   16.96 v _672_/A (sky130_fd_sc_hd__nand2_1)
                  0.16    0.16   17.12 ^ _672_/Y (sky130_fd_sc_hd__nand2_1)
     4    0.02                           _255_ (net)
                  0.16    0.00   17.12 ^ _673_/C1 (sky130_fd_sc_hd__o211a_1)
                  0.09    0.21   17.33 ^ _673_/X (sky130_fd_sc_hd__o211a_1)
     1    0.01                           _256_ (net)
                  0.09    0.00   17.33 ^ _680_/A (sky130_fd_sc_hd__nand4_4)
                  0.13    0.12   17.45 v _680_/Y (sky130_fd_sc_hd__nand4_4)
     4    0.02                           _263_ (net)
                  0.13    0.00   17.45 v wire24/A (sky130_fd_sc_hd__clkbuf_8)
                  0.09    0.24   17.69 v wire24/X (sky130_fd_sc_hd__clkbuf_8)
    13    0.07                           net24 (net)
                  0.09    0.00   17.69 v _691_/A (sky130_fd_sc_hd__nor2_2)
                  0.34    0.33   18.02 ^ _691_/Y (sky130_fd_sc_hd__nor2_2)
     7    0.03                           _274_ (net)
                  0.34    0.00   18.02 ^ _692_/A (sky130_fd_sc_hd__buf_4)
                  0.19    0.31   18.33 ^ _692_/X (sky130_fd_sc_hd__buf_4)
    16    0.07                           _275_ (net)
                  0.19    0.00   18.33 ^ _732_/C1 (sky130_fd_sc_hd__a211o_2)
                  0.10    0.19   18.53 ^ _732_/X (sky130_fd_sc_hd__a211o_2)
     4    0.02                           _312_ (net)
                  0.10    0.00   18.53 ^ _748_/D (sky130_fd_sc_hd__nand4_1)
                  0.10    0.12   18.65 v _748_/Y (sky130_fd_sc_hd__nand4_1)
     1    0.00                           _327_ (net)
                  0.10    0.00   18.65 v _751_/A (sky130_fd_sc_hd__nand2_1)
                  0.10    0.13   18.78 ^ _751_/Y (sky130_fd_sc_hd__nand2_1)
     3    0.01                           _330_ (net)
                  0.10    0.00   18.78 ^ _768_/A (sky130_fd_sc_hd__nand3_1)
                  0.10    0.12   18.90 v _768_/Y (sky130_fd_sc_hd__nand3_1)
     2    0.01                           _345_ (net)
                  0.10    0.00   18.90 v _772_/A1 (sky130_fd_sc_hd__a21oi_1)
                  0.28    0.28   19.19 ^ _772_/Y (sky130_fd_sc_hd__a21oi_1)
     3    0.01                           _349_ (net)
                  0.28    0.00   19.19 ^ _782_/A2 (sky130_fd_sc_hd__o21ai_1)
                  0.07    0.12   19.30 v _782_/Y (sky130_fd_sc_hd__o21ai_1)
     1    0.00                           _358_ (net)
                  0.07    0.00   19.31 v _783_/B2 (sky130_fd_sc_hd__a22o_1)
                  0.04    0.21   19.52 v _783_/X (sky130_fd_sc_hd__a22o_1)
     1    0.00                           _050_ (net)
                  0.04    0.00   19.52 v _918_/D (sky130_fd_sc_hd__dfrtp_1)
                                 19.52   data arrival time

                         83.33   83.33   clock clk (rise edge)
                          0.00   83.33   clock source latency
                  0.12    0.08   83.41 ^ clk (in)
     1    0.03                           clk (net)
                  0.12    0.00   83.41 ^ clkbuf_0_clk/A (sky130_fd_sc_hd__clkbuf_16)
                  0.11    0.20   83.61 ^ clkbuf_0_clk/X (sky130_fd_sc_hd__clkbuf_16)
     8    0.10                           clknet_0_clk (net)
                  0.11    0.00   83.62 ^ clkbuf_3_5__f_clk/A (sky130_fd_sc_hd__clkbuf_16)
                  0.06    0.15   83.77 ^ clkbuf_3_5__f_clk/X (sky130_fd_sc_hd__clkbuf_16)
     8    0.04                           clknet_3_5__leaf_clk (net)
                  0.06    0.00   83.77 ^ _918_/CLK (sky130_fd_sc_hd__dfrtp_1)
                         -0.25   83.52   clock uncertainty
                          0.00   83.52   clock reconvergence pessimism
                         -0.11   83.41   library setup time
                                 83.41   data required time
-----------------------------------------------------------------------------
                                 83.41   data required time
                                -19.52   data arrival time
-----------------------------------------------------------------------------
                                 63.90   slack (MET)




===========================================================================
report_checks --slack_max -0.01
============================================================================
======================= Typical Corner ===================================

No paths found.


===========================================================================
 report_check_types -max_slew -max_cap -max_fanout -violators
============================================================================
======================= Typical Corner ===================================



===========================================================================
report_parasitic_annotation -report_unannotated
============================================================================
Found 0 unannotated drivers.
Found 0 partially unannotated drivers.

===========================================================================
max slew violation count 0
max fanout violation count 0
max cap violation count 0
============================================================================

===========================================================================
check_setup -verbose -unconstrained_endpoints -multiple_clock -no_clock -no_input_delay -loops -generated_clocks
===========================================================================
